Nov-14 15:41:31.020 [main] DEBUG nextflow.cli.Launcher - $> nextflow run main.nf --input_genotype test_data/ALL.chr22.phase3_shapeit2_mvncall_integrated_v5.vcf.gz --input_genotype_index test_data/ALL.chr22.phase3_shapeit2_mvncall_integrated_v./nextflow run main.nf --input_genotype test_data/ALL.chr22.phase3_shapeit2_mvncall_integrated_v5.vcf.gz --input_genotype_index test_data/ALL.chr22.phase3_shapeit2_mvncall_integrated_v5.vcf.gz.tbi
Nov-14 15:41:31.425 [main] DEBUG nextflow.cli.CmdRun - N E X T F L O W  ~  version 25.10.0
Nov-14 15:41:31.618 [main] DEBUG nextflow.config.ConfigBuilder - Found config local: /opt/work/nextflow.config
Nov-14 15:41:31.634 [main] DEBUG nextflow.config.ConfigBuilder - Parsing config file: /opt/work/nextflow.config
Nov-14 15:41:31.730 [main] DEBUG nextflow.config.ConfigBuilder - Applying config profile: `standard`
Nov-14 15:41:32.919 [main] DEBUG nextflow.plugin.PluginsFacade - Setting up plugin manager > mode=prod; embedded=false; plugins-dir=/root/.nextflow/plugins; core-plugins: nf-amazon@3.4.1,nf-azure@1.20.2,nf-cloudcache@0.5.0,nf-codecommit@0.5.0,nf-console@1.3.0,nf-google@1.23.3,nf-k8s@1.2.2,nf-tower@1.17.1,nf-wave@1.16.1
Nov-14 15:41:32.949 [main] INFO  o.pf4j.DefaultPluginStatusProvider - Enabled plugins: []
Nov-14 15:41:32.950 [main] INFO  o.pf4j.DefaultPluginStatusProvider - Disabled plugins: []
Nov-14 15:41:32.956 [main] INFO  org.pf4j.DefaultPluginManager - PF4J version 3.12.0 in 'deployment' mode
Nov-14 15:41:32.987 [main] DEBUG nextflow.util.RetryConfig - Missing nextflow session - using default retry config
Nov-14 15:41:33.364 [main] INFO  org.pf4j.AbstractPluginManager - No plugins
Nov-14 15:41:33.384 [main] DEBUG nextflow.plugin.PluginsFacade - Plugins default=[]
Nov-14 15:41:33.385 [main] DEBUG nextflow.plugin.PluginsFacade - Plugins resolved requirement=[]
Nov-14 15:41:33.415 [main] DEBUG n.secret.LocalSecretsProvider - Secrets store: /root/.nextflow/secrets/store.json
Nov-14 15:41:33.423 [main] DEBUG nextflow.secret.SecretsLoader - Discovered secrets providers: [nextflow.secret.LocalSecretsProvider@32b0876c] - activable => nextflow.secret.LocalSecretsProvider@32b0876c
Nov-14 15:41:33.430 [main] DEBUG nextflow.cli.CmdRun - Applied DSL=2 by global default
Nov-14 15:41:33.450 [main] DEBUG nextflow.cli.CmdRun - Launching `main.nf` [ecstatic_payne] DSL2 - revision: f1c640ed8e
Nov-14 15:41:33.530 [main] DEBUG nextflow.Session - Session UUID: 8dbc63ca-1377-4ac9-bbe9-1f40466ffc83
Nov-14 15:41:33.530 [main] DEBUG nextflow.Session - Run name: ecstatic_payne
Nov-14 15:41:33.531 [main] DEBUG nextflow.Session - Executor pool size: 12
Nov-14 15:41:33.545 [main] DEBUG nextflow.file.FilePorter - File porter settings maxRetries=3; maxTransfers=50; pollTimeout=null
Nov-14 15:41:33.550 [main] DEBUG nextflow.util.ThreadPoolBuilder - Creating thread pool 'FileTransfer' minSize=10; maxSize=36; workQueue=LinkedBlockingQueue[-1]; allowCoreThreadTimeout=false
Nov-14 15:41:33.589 [main] DEBUG nextflow.cli.CmdRun - 
  Version: 25.10.0 build 10289
  Created: 22-10-2025 16:26 UTC (16:26 GMT)
  System: Linux 6.10.14-linuxkit
  Runtime: Groovy 4.0.28 on OpenJDK 64-Bit Server VM 17.0.16+8-Ubuntu-0ubuntu122.04.1
  Encoding: UTF-8 (ANSI_X3.4-1968)
  Process: 4995@9b33dbf09e5d [172.17.0.5]
  CPUs: 12 - Mem: 7.7 GB (5.4 GB) - Swap: 1024 MB (1023.2 MB)
Nov-14 15:41:33.678 [main] DEBUG nextflow.Session - Work-dir: /opt/work/work [UNKNOWN (0x6a656a63)]
Nov-14 15:41:33.679 [main] DEBUG nextflow.Session - Script base path does not exist or is not a directory: /opt/work/bin
Nov-14 15:41:33.695 [main] DEBUG nextflow.executor.ExecutorFactory - Extension executors providers=[]
Nov-14 15:41:33.716 [main] DEBUG nextflow.Session - Observer factory (v2): LinObserverFactory
Nov-14 15:41:33.719 [main] DEBUG nextflow.Session - Observer factory (v2): DefaultObserverFactory
Nov-14 15:41:33.802 [main] DEBUG nextflow.cache.CacheFactory - Using Nextflow cache factory: nextflow.cache.DefaultCacheFactory
Nov-14 15:41:33.815 [main] DEBUG nextflow.util.CustomThreadPool - Creating default thread pool > poolSize: 13; maxThreads: 1000
Nov-14 15:41:33.876 [main] DEBUG nextflow.Session - Session start
Nov-14 15:41:34.857 [main] DEBUG nextflow.script.ScriptRunner - > Launching execution
Nov-14 15:41:35.628 [main] DEBUG nextflow.executor.ExecutorFactory - << taskConfig executor: null
Nov-14 15:41:35.629 [main] DEBUG nextflow.executor.ExecutorFactory - >> processorType: 'local'
Nov-14 15:41:35.650 [main] DEBUG nextflow.executor.Executor - [warm up] executor > local
Nov-14 15:41:35.657 [main] DEBUG n.processor.LocalPollingMonitor - Creating local task monitor for executor 'local' > cpus=12; memory=7.7 GB; capacity=12; pollInterval=100ms; dumpInterval=5m
Nov-14 15:41:35.659 [main] DEBUG n.processor.TaskPollingMonitor - >>> barrier register (monitor: local)
Nov-14 15:41:35.698 [main] DEBUG nextflow.processor.TaskProcessor - Creating process 'ancestry_pipeline:download_genetic_map': maxForks=0; fair=false; array=0
Nov-14 15:41:35.789 [main] DEBUG nextflow.executor.ExecutorFactory - << taskConfig executor: null
Nov-14 15:41:35.790 [main] DEBUG nextflow.executor.ExecutorFactory - >> processorType: 'local'
Nov-14 15:41:35.793 [main] DEBUG nextflow.processor.TaskProcessor - Creating process 'ancestry_pipeline:download_genetic_map_eagle': maxForks=0; fair=false; array=0
Nov-14 15:41:35.796 [main] DEBUG nextflow.executor.ExecutorFactory - << taskConfig executor: null
Nov-14 15:41:35.796 [main] DEBUG nextflow.executor.ExecutorFactory - >> processorType: 'local'
Nov-14 15:41:35.798 [main] DEBUG nextflow.processor.TaskProcessor - Creating process 'ancestry_pipeline:download_sample_map': maxForks=0; fair=false; array=0
Nov-14 15:41:35.862 [main] DEBUG nextflow.executor.ExecutorFactory - << taskConfig executor: null
Nov-14 15:41:35.862 [main] DEBUG nextflow.executor.ExecutorFactory - >> processorType: 'local'
Nov-14 15:41:35.863 [main] DEBUG nextflow.processor.TaskProcessor - Creating process 'ancestry_pipeline:phase_with_eagle': maxForks=0; fair=false; array=0
Nov-14 15:41:35.917 [main] DEBUG nextflow.executor.ExecutorFactory - << taskConfig executor: null
Nov-14 15:41:35.920 [main] DEBUG nextflow.executor.ExecutorFactory - >> processorType: 'local'
Nov-14 15:41:35.922 [main] DEBUG nextflow.processor.TaskProcessor - Creating process 'ancestry_pipeline:run_rfmix': maxForks=0; fair=false; array=0
Nov-14 15:41:35.939 [main] DEBUG nextflow.Session - Workflow process names [dsl2]: ancestry_pipeline:download_genetic_map_eagle, ancestry_pipeline:phase_with_eagle, phase_with_eagle, ancestry_pipeline:run_rfmix, run_rfmix, download_genetic_map_eagle, ancestry_pipeline:download_genetic_map, download_genetic_map, download_sample_map, ancestry_pipeline:download_sample_map
Nov-14 15:41:35.944 [main] DEBUG nextflow.Session - Igniting dataflow network (6)
Nov-14 15:41:35.946 [main] DEBUG nextflow.processor.TaskProcessor - Starting process > ancestry_pipeline:download_genetic_map
Nov-14 15:41:35.947 [main] DEBUG nextflow.processor.TaskProcessor - Starting process > ancestry_pipeline:download_genetic_map_eagle
Nov-14 15:41:35.947 [main] DEBUG nextflow.processor.TaskProcessor - Starting process > ancestry_pipeline:download_sample_map
Nov-14 15:41:35.947 [main] DEBUG nextflow.processor.TaskProcessor - Starting process > ancestry_pipeline:phase_with_eagle
Nov-14 15:41:35.948 [main] DEBUG nextflow.processor.TaskProcessor - Starting process > ancestry_pipeline:run_rfmix
Nov-14 15:41:35.952 [main] DEBUG nextflow.script.ScriptRunner - Parsed script files:
  Script_a5dd8ceb9f81cde0: /opt/work/modules/rfmix.nf
  Script_919dd290c694f590: /opt/work/modules/eagle.nf
  Script_ec97be8c71fa21cc: /opt/work/main.nf
Nov-14 15:41:35.953 [main] DEBUG nextflow.script.ScriptRunner - > Awaiting termination 
Nov-14 15:41:35.953 [main] DEBUG nextflow.Session - Session await
Nov-14 15:41:36.605 [Task submitter] DEBUG n.executor.local.LocalTaskHandler - Launch cmd line: /bin/bash -ue .command.run
Nov-14 15:41:36.609 [Task submitter] INFO  nextflow.Session - [f0/369089] Submitted process > ancestry_pipeline:download_sample_map
Nov-14 15:41:36.644 [Task submitter] DEBUG n.executor.local.LocalTaskHandler - Launch cmd line: /bin/bash -ue .command.run
Nov-14 15:41:36.645 [Task submitter] INFO  nextflow.Session - [ec/fabdd8] Submitted process > ancestry_pipeline:download_genetic_map_eagle
Nov-14 15:41:36.680 [Task submitter] DEBUG n.executor.local.LocalTaskHandler - Launch cmd line: /bin/bash -ue .command.run
Nov-14 15:41:36.681 [Task submitter] INFO  nextflow.Session - [5a/880262] Submitted process > ancestry_pipeline:download_genetic_map
Nov-14 15:41:38.310 [Task monitor] DEBUG n.processor.TaskPollingMonitor - Task completed > TaskHandler[id: 1; name: ancestry_pipeline:download_genetic_map_eagle; status: COMPLETED; exit: 0; error: -; workDir: /opt/work/work/ec/fabdd86ca54937276b878cca8b5863]
Nov-14 15:41:38.315 [Task monitor] DEBUG nextflow.util.ThreadPoolBuilder - Creating thread pool 'TaskFinalizer' minSize=10; maxSize=36; workQueue=LinkedBlockingQueue[-1]; allowCoreThreadTimeout=false
Nov-14 15:41:38.372 [Actor Thread 12] INFO  nextflow.script.BaseScript - Preparing Eagle inputs for chromosome 1 with genetic map /opt/work/work/ec/fabdd86ca54937276b878cca8b5863/genetic_map_hg38_withX.txt.gz
Nov-14 15:41:38.423 [Task monitor] DEBUG n.processor.TaskPollingMonitor - Task completed > TaskHandler[id: 2; name: ancestry_pipeline:download_sample_map; status: COMPLETED; exit: 0; error: -; workDir: /opt/work/work/f0/369089bfc83bf8821390f58d587848]
Nov-14 15:41:38.438 [Actor Thread 10] INFO  nextflow.script.BaseScript - sample_file_ch = /opt/work/work/f0/369089bfc83bf8821390f58d587848/rfmix_sample_map.txt
Nov-14 15:41:38.939 [Actor Thread 12] DEBUG n.plugin.HttpPluginRepository - Registry request: https://registry.nextflow.io/api/v1/plugins/dependencies?plugins=nf-amazon%403.4.1&nextflowVersion=25.10.0
- code: 200
- body: {"plugins":[{"id":"nf-amazon","downloadCount":16886,"downloadGhCount":1344698,"releases":[{"version":"3.4.1","url":"https://registry.nextflow.io/api/v1/plugins/nf-amazon/3.4.1/download/nf-amazon-3.4.1.zip","date":"2025-10-22T16:29:06.396625Z","sha512sum":"bc7c4b6166aa5ef32df3362ceec263df434875b1db332594cd71c8d3f462adfcad55802034cbcfd269917e1efa4f45d224143f024fc1170d156daa40897f3873","requires":">=25.09.2-edge","dependsOn":[],"downloadCount":14187,"downloadGhCount":0,"status":"PUBLISHED","spec":null}],"projectUrl":"https://github.com/nextflow-io/nf-amazon","provider":"nextflow-io","description":null}]}
Nov-14 15:41:39.011 [Actor Thread 12] DEBUG nextflow.plugin.PluginUpdater - Installing plugin nf-amazon version: 3.4.1
Nov-14 15:41:39.046 [Actor Thread 12] INFO  org.pf4j.AbstractPluginManager - Plugin 'nf-amazon@3.4.1' resolved
Nov-14 15:41:39.047 [Actor Thread 12] INFO  org.pf4j.AbstractPluginManager - Start plugin 'nf-amazon@3.4.1'
Nov-14 15:41:39.195 [Actor Thread 12] DEBUG nextflow.plugin.BasePlugin - Plugin started nf-amazon@3.4.1
Nov-14 15:41:39.297 [Actor Thread 12] DEBUG nextflow.file.FileHelper - > Added 'S3FileSystemProvider' to list of installed providers [s3]
Nov-14 15:41:39.300 [Actor Thread 12] DEBUG nextflow.file.FileHelper - Started plugin 'nf-amazon' required to handle file: s3://1000genomes/1000G_2504_high_coverage/working/20201028_3202_raw_GT_with_annot/20201028_CCDG_14151_B01_GRM_WGS_2020-08-05_chr1.recalibrated_variants.vcf.gz
Nov-14 15:41:39.330 [Actor Thread 12] DEBUG nextflow.file.FileHelper - Creating a file system instance for provider: S3FileSystemProvider; config=[:]
Nov-14 15:41:39.355 [Actor Thread 12] DEBUG nextflow.cloud.aws.config.AwsConfig - AWS S3 config properties: {max_error_retry=5}
Nov-14 15:41:41.523 [Actor Thread 12] DEBUG nextflow.cloud.aws.AwsClientFactory - No AWS credentials available - falling back to anonymous access
Nov-14 15:41:42.133 [Actor Thread 12] DEBUG nextflow.cloud.aws.nio.S3Client - Unable to fetch caller account - (Service: S3, Status Code: 307, Request ID: JN9A5VZNHHCPTS1T, Extended Request ID: nWvVPUknv/coPv/dQX+qD/sF4srvTMqgzS/lFGhHNpi1Y685dYs/XXQGpcDZ4tpH8jm+iqfwLIw=) (SDK Attempt Count: 1) 
Nov-14 15:41:42.172 [Actor Thread 12] INFO  nextflow.script.BaseScript - Preparing Eagle inputs for chromosome 2 with genetic map /opt/work/work/ec/fabdd86ca54937276b878cca8b5863/genetic_map_hg38_withX.txt.gz
Nov-14 15:41:42.185 [Actor Thread 12] INFO  nextflow.script.BaseScript - Preparing Eagle inputs for chromosome 3 with genetic map /opt/work/work/ec/fabdd86ca54937276b878cca8b5863/genetic_map_hg38_withX.txt.gz
Nov-14 15:41:42.193 [Actor Thread 12] INFO  nextflow.script.BaseScript - Preparing Eagle inputs for chromosome 4 with genetic map /opt/work/work/ec/fabdd86ca54937276b878cca8b5863/genetic_map_hg38_withX.txt.gz
Nov-14 15:41:42.213 [Actor Thread 12] INFO  nextflow.script.BaseScript - Preparing Eagle inputs for chromosome 5 with genetic map /opt/work/work/ec/fabdd86ca54937276b878cca8b5863/genetic_map_hg38_withX.txt.gz
Nov-14 15:41:42.229 [Actor Thread 12] INFO  nextflow.script.BaseScript - Preparing Eagle inputs for chromosome 6 with genetic map /opt/work/work/ec/fabdd86ca54937276b878cca8b5863/genetic_map_hg38_withX.txt.gz
Nov-14 15:41:42.263 [Actor Thread 12] INFO  nextflow.script.BaseScript - Preparing Eagle inputs for chromosome 7 with genetic map /opt/work/work/ec/fabdd86ca54937276b878cca8b5863/genetic_map_hg38_withX.txt.gz
Nov-14 15:41:42.313 [Actor Thread 12] INFO  nextflow.script.BaseScript - Preparing Eagle inputs for chromosome 8 with genetic map /opt/work/work/ec/fabdd86ca54937276b878cca8b5863/genetic_map_hg38_withX.txt.gz
Nov-14 15:41:42.325 [Actor Thread 12] INFO  nextflow.script.BaseScript - Preparing Eagle inputs for chromosome 9 with genetic map /opt/work/work/ec/fabdd86ca54937276b878cca8b5863/genetic_map_hg38_withX.txt.gz
Nov-14 15:41:42.331 [Actor Thread 12] INFO  nextflow.script.BaseScript - Preparing Eagle inputs for chromosome 10 with genetic map /opt/work/work/ec/fabdd86ca54937276b878cca8b5863/genetic_map_hg38_withX.txt.gz
Nov-14 15:41:42.338 [Actor Thread 12] INFO  nextflow.script.BaseScript - Preparing Eagle inputs for chromosome 11 with genetic map /opt/work/work/ec/fabdd86ca54937276b878cca8b5863/genetic_map_hg38_withX.txt.gz
Nov-14 15:41:42.345 [Actor Thread 12] INFO  nextflow.script.BaseScript - Preparing Eagle inputs for chromosome 12 with genetic map /opt/work/work/ec/fabdd86ca54937276b878cca8b5863/genetic_map_hg38_withX.txt.gz
Nov-14 15:41:42.348 [Actor Thread 12] INFO  nextflow.script.BaseScript - Preparing Eagle inputs for chromosome 13 with genetic map /opt/work/work/ec/fabdd86ca54937276b878cca8b5863/genetic_map_hg38_withX.txt.gz
Nov-14 15:41:42.353 [Actor Thread 12] INFO  nextflow.script.BaseScript - Preparing Eagle inputs for chromosome 14 with genetic map /opt/work/work/ec/fabdd86ca54937276b878cca8b5863/genetic_map_hg38_withX.txt.gz
Nov-14 15:41:42.378 [Actor Thread 12] INFO  nextflow.script.BaseScript - Preparing Eagle inputs for chromosome 15 with genetic map /opt/work/work/ec/fabdd86ca54937276b878cca8b5863/genetic_map_hg38_withX.txt.gz
Nov-14 15:41:42.385 [Actor Thread 12] INFO  nextflow.script.BaseScript - Preparing Eagle inputs for chromosome 16 with genetic map /opt/work/work/ec/fabdd86ca54937276b878cca8b5863/genetic_map_hg38_withX.txt.gz
Nov-14 15:41:42.393 [Actor Thread 12] INFO  nextflow.script.BaseScript - Preparing Eagle inputs for chromosome 17 with genetic map /opt/work/work/ec/fabdd86ca54937276b878cca8b5863/genetic_map_hg38_withX.txt.gz
Nov-14 15:41:42.395 [Actor Thread 12] INFO  nextflow.script.BaseScript - Preparing Eagle inputs for chromosome 18 with genetic map /opt/work/work/ec/fabdd86ca54937276b878cca8b5863/genetic_map_hg38_withX.txt.gz
Nov-14 15:41:42.397 [Actor Thread 12] INFO  nextflow.script.BaseScript - Preparing Eagle inputs for chromosome 19 with genetic map /opt/work/work/ec/fabdd86ca54937276b878cca8b5863/genetic_map_hg38_withX.txt.gz
Nov-14 15:41:42.402 [Actor Thread 12] INFO  nextflow.script.BaseScript - Preparing Eagle inputs for chromosome 20 with genetic map /opt/work/work/ec/fabdd86ca54937276b878cca8b5863/genetic_map_hg38_withX.txt.gz
Nov-14 15:41:42.405 [Actor Thread 12] INFO  nextflow.script.BaseScript - Preparing Eagle inputs for chromosome 21 with genetic map /opt/work/work/ec/fabdd86ca54937276b878cca8b5863/genetic_map_hg38_withX.txt.gz
Nov-14 15:41:42.416 [Actor Thread 12] INFO  nextflow.script.BaseScript - Preparing Eagle inputs for chromosome 22 with genetic map /opt/work/work/ec/fabdd86ca54937276b878cca8b5863/genetic_map_hg38_withX.txt.gz
Nov-14 15:41:43.640 [FileTransfer-1] DEBUG nextflow.file.FilePorter - Copying foreign file s3://1000genomes/1000G_2504_high_coverage/working/20201028_3202_raw_GT_with_annot/20201028_CCDG_14151_B01_GRM_WGS_2020-08-05_chr4.recalibrated_variants.vcf.gz to work dir: /opt/work/work/stage-8dbc63ca-1377-4ac9-bbe9-1f40466ffc83/b8/a472e5c98c6fb6b6c8b596c4faa440/20201028_CCDG_14151_B01_GRM_WGS_2020-08-05_chr4.recalibrated_variants.vcf.gz
Nov-14 15:41:43.640 [FileTransfer-4] DEBUG nextflow.file.FilePorter - Copying foreign file s3://1000genomes/1000G_2504_high_coverage/working/20201028_3202_raw_GT_with_annot/20201028_CCDG_14151_B01_GRM_WGS_2020-08-05_chr6.recalibrated_variants.vcf.gz.tbi to work dir: /opt/work/work/stage-8dbc63ca-1377-4ac9-bbe9-1f40466ffc83/68/fc7986f814ef753720aeb21f05b423/20201028_CCDG_14151_B01_GRM_WGS_2020-08-05_chr6.recalibrated_variants.vcf.gz.tbi
Nov-14 15:41:43.660 [FileTransfer-10] DEBUG nextflow.file.FilePorter - Copying foreign file s3://1000genomes/1000G_2504_high_coverage/working/20201028_3202_raw_GT_with_annot/20201028_CCDG_14151_B01_GRM_WGS_2020-08-05_chr1.recalibrated_variants.vcf.gz.tbi to work dir: /opt/work/work/stage-8dbc63ca-1377-4ac9-bbe9-1f40466ffc83/64/69b13b1963cf725e6cdb39d9662f33/20201028_CCDG_14151_B01_GRM_WGS_2020-08-05_chr1.recalibrated_variants.vcf.gz.tbi
Nov-14 15:41:43.640 [FileTransfer-5] DEBUG nextflow.file.FilePorter - Copying foreign file s3://1000genomes/1000G_2504_high_coverage/working/20201028_3202_raw_GT_with_annot/20201028_CCDG_14151_B01_GRM_WGS_2020-08-05_chr2.recalibrated_variants.vcf.gz to work dir: /opt/work/work/stage-8dbc63ca-1377-4ac9-bbe9-1f40466ffc83/cb/b909f0f3fe0c8c977e8a07a3ca03ad/20201028_CCDG_14151_B01_GRM_WGS_2020-08-05_chr2.recalibrated_variants.vcf.gz
Nov-14 15:41:43.640 [FileTransfer-2] DEBUG nextflow.file.FilePorter - Copying foreign file s3://1000genomes/1000G_2504_high_coverage/working/20201028_3202_raw_GT_with_annot/20201028_CCDG_14151_B01_GRM_WGS_2020-08-05_chr4.recalibrated_variants.vcf.gz.tbi to work dir: /opt/work/work/stage-8dbc63ca-1377-4ac9-bbe9-1f40466ffc83/c6/63df136fab4f85ab8e6bcafd2eb00b/20201028_CCDG_14151_B01_GRM_WGS_2020-08-05_chr4.recalibrated_variants.vcf.gz.tbi
Nov-14 15:41:43.640 [FileTransfer-6] DEBUG nextflow.file.FilePorter - Copying foreign file s3://1000genomes/1000G_2504_high_coverage/working/20201028_3202_raw_GT_with_annot/20201028_CCDG_14151_B01_GRM_WGS_2020-08-05_chr2.recalibrated_variants.vcf.gz.tbi to work dir: /opt/work/work/stage-8dbc63ca-1377-4ac9-bbe9-1f40466ffc83/d7/3fe5f43743fc998b6650a8e575fe97/20201028_CCDG_14151_B01_GRM_WGS_2020-08-05_chr2.recalibrated_variants.vcf.gz.tbi
Nov-14 15:41:43.655 [FileTransfer-8] DEBUG nextflow.file.FilePorter - Copying foreign file s3://1000genomes/1000G_2504_high_coverage/working/20201028_3202_raw_GT_with_annot/20201028_CCDG_14151_B01_GRM_WGS_2020-08-05_chr5.recalibrated_variants.vcf.gz.tbi to work dir: /opt/work/work/stage-8dbc63ca-1377-4ac9-bbe9-1f40466ffc83/75/f098d274e51f6faccd6e222111167a/20201028_CCDG_14151_B01_GRM_WGS_2020-08-05_chr5.recalibrated_variants.vcf.gz.tbi
Nov-14 15:41:43.651 [FileTransfer-9] DEBUG nextflow.file.FilePorter - Copying foreign file s3://1000genomes/1000G_2504_high_coverage/working/20201028_3202_raw_GT_with_annot/20201028_CCDG_14151_B01_GRM_WGS_2020-08-05_chr1.recalibrated_variants.vcf.gz to work dir: /opt/work/work/stage-8dbc63ca-1377-4ac9-bbe9-1f40466ffc83/60/1b23439783b0c8fe3b411416ded1a9/20201028_CCDG_14151_B01_GRM_WGS_2020-08-05_chr1.recalibrated_variants.vcf.gz
Nov-14 15:41:43.640 [FileTransfer-3] DEBUG nextflow.file.FilePorter - Copying foreign file s3://1000genomes/1000G_2504_high_coverage/working/20201028_3202_raw_GT_with_annot/20201028_CCDG_14151_B01_GRM_WGS_2020-08-05_chr6.recalibrated_variants.vcf.gz to work dir: /opt/work/work/stage-8dbc63ca-1377-4ac9-bbe9-1f40466ffc83/c8/dd8586c39df7a117362cc503186d91/20201028_CCDG_14151_B01_GRM_WGS_2020-08-05_chr6.recalibrated_variants.vcf.gz
Nov-14 15:41:43.640 [FileTransfer-7] DEBUG nextflow.file.FilePorter - Copying foreign file s3://1000genomes/1000G_2504_high_coverage/working/20201028_3202_raw_GT_with_annot/20201028_CCDG_14151_B01_GRM_WGS_2020-08-05_chr5.recalibrated_variants.vcf.gz to work dir: /opt/work/work/stage-8dbc63ca-1377-4ac9-bbe9-1f40466ffc83/5a/7d57a5398ff9c2ad7ae1618b9e31c9/20201028_CCDG_14151_B01_GRM_WGS_2020-08-05_chr5.recalibrated_variants.vcf.gz
Nov-14 15:41:43.825 [FileTransfer-7] DEBUG n.cloud.aws.nio.S3FileSystemProvider - S3 download file from=s3://1000genomes/1000G_2504_high_coverage/working/20201028_3202_raw_GT_with_annot/20201028_CCDG_14151_B01_GRM_WGS_2020-08-05_chr5.recalibrated_variants.vcf.gz to=/opt/work/work/stage-8dbc63ca-1377-4ac9-bbe9-1f40466ffc83/5a/7d57a5398ff9c2ad7ae1618b9e31c9/20201028_CCDG_14151_B01_GRM_WGS_2020-08-05_chr5.recalibrated_variants.vcf.gz size=104932963618
Nov-14 15:41:43.873 [FileTransfer-7] DEBUG nextflow.util.ThreadPoolBuilder - Creating thread pool 'S3TransferManager' minSize=10; maxSize=36; workQueue=LinkedBlockingQueue[-1]; allowCoreThreadTimeout=false
Nov-14 15:41:43.949 [FileTransfer-7] DEBUG nextflow.cloud.aws.AwsClientFactory - No AWS credentials available - falling back to anonymous access
Nov-14 15:41:44.222 [FileTransfer-4] DEBUG n.cloud.aws.nio.S3FileSystemProvider - S3 download file from=s3://1000genomes/1000G_2504_high_coverage/working/20201028_3202_raw_GT_with_annot/20201028_CCDG_14151_B01_GRM_WGS_2020-08-05_chr6.recalibrated_variants.vcf.gz.tbi to=/opt/work/work/stage-8dbc63ca-1377-4ac9-bbe9-1f40466ffc83/68/fc7986f814ef753720aeb21f05b423/20201028_CCDG_14151_B01_GRM_WGS_2020-08-05_chr6.recalibrated_variants.vcf.gz.tbi size=184044
Nov-14 15:41:44.232 [FileTransfer-3] DEBUG n.cloud.aws.nio.S3FileSystemProvider - S3 download file from=s3://1000genomes/1000G_2504_high_coverage/working/20201028_3202_raw_GT_with_annot/20201028_CCDG_14151_B01_GRM_WGS_2020-08-05_chr6.recalibrated_variants.vcf.gz to=/opt/work/work/stage-8dbc63ca-1377-4ac9-bbe9-1f40466ffc83/c8/dd8586c39df7a117362cc503186d91/20201028_CCDG_14151_B01_GRM_WGS_2020-08-05_chr6.recalibrated_variants.vcf.gz size=98918615697
Nov-14 15:41:44.239 [FileTransfer-6] DEBUG n.cloud.aws.nio.S3FileSystemProvider - S3 download file from=s3://1000genomes/1000G_2504_high_coverage/working/20201028_3202_raw_GT_with_annot/20201028_CCDG_14151_B01_GRM_WGS_2020-08-05_chr2.recalibrated_variants.vcf.gz.tbi to=/opt/work/work/stage-8dbc63ca-1377-4ac9-bbe9-1f40466ffc83/d7/3fe5f43743fc998b6650a8e575fe97/20201028_CCDG_14151_B01_GRM_WGS_2020-08-05_chr2.recalibrated_variants.vcf.gz.tbi size=261118
Nov-14 15:41:44.239 [FileTransfer-8] DEBUG n.cloud.aws.nio.S3FileSystemProvider - S3 download file from=s3://1000genomes/1000G_2504_high_coverage/working/20201028_3202_raw_GT_with_annot/20201028_CCDG_14151_B01_GRM_WGS_2020-08-05_chr5.recalibrated_variants.vcf.gz.tbi to=/opt/work/work/stage-8dbc63ca-1377-4ac9-bbe9-1f40466ffc83/75/f098d274e51f6faccd6e222111167a/20201028_CCDG_14151_B01_GRM_WGS_2020-08-05_chr5.recalibrated_variants.vcf.gz.tbi size=194299
Nov-14 15:41:44.240 [FileTransfer-1] DEBUG n.cloud.aws.nio.S3FileSystemProvider - S3 download file from=s3://1000genomes/1000G_2504_high_coverage/working/20201028_3202_raw_GT_with_annot/20201028_CCDG_14151_B01_GRM_WGS_2020-08-05_chr4.recalibrated_variants.vcf.gz to=/opt/work/work/stage-8dbc63ca-1377-4ac9-bbe9-1f40466ffc83/b8/a472e5c98c6fb6b6c8b596c4faa440/20201028_CCDG_14151_B01_GRM_WGS_2020-08-05_chr4.recalibrated_variants.vcf.gz size=113734260323
Nov-14 15:41:44.240 [FileTransfer-10] DEBUG n.cloud.aws.nio.S3FileSystemProvider - S3 download file from=s3://1000genomes/1000G_2504_high_coverage/working/20201028_3202_raw_GT_with_annot/20201028_CCDG_14151_B01_GRM_WGS_2020-08-05_chr1.recalibrated_variants.vcf.gz.tbi to=/opt/work/work/stage-8dbc63ca-1377-4ac9-bbe9-1f40466ffc83/64/69b13b1963cf725e6cdb39d9662f33/20201028_CCDG_14151_B01_GRM_WGS_2020-08-05_chr1.recalibrated_variants.vcf.gz.tbi size=248996
Nov-14 15:41:44.243 [FileTransfer-9] DEBUG n.cloud.aws.nio.S3FileSystemProvider - S3 download file from=s3://1000genomes/1000G_2504_high_coverage/working/20201028_3202_raw_GT_with_annot/20201028_CCDG_14151_B01_GRM_WGS_2020-08-05_chr1.recalibrated_variants.vcf.gz to=/opt/work/work/stage-8dbc63ca-1377-4ac9-bbe9-1f40466ffc83/60/1b23439783b0c8fe3b411416ded1a9/20201028_CCDG_14151_B01_GRM_WGS_2020-08-05_chr1.recalibrated_variants.vcf.gz size=139953589670
Nov-14 15:41:44.256 [FileTransfer-5] DEBUG n.cloud.aws.nio.S3FileSystemProvider - S3 download file from=s3://1000genomes/1000G_2504_high_coverage/working/20201028_3202_raw_GT_with_annot/20201028_CCDG_14151_B01_GRM_WGS_2020-08-05_chr2.recalibrated_variants.vcf.gz to=/opt/work/work/stage-8dbc63ca-1377-4ac9-bbe9-1f40466ffc83/cb/b909f0f3fe0c8c977e8a07a3ca03ad/20201028_CCDG_14151_B01_GRM_WGS_2020-08-05_chr2.recalibrated_variants.vcf.gz size=142566325303
Nov-14 15:41:44.256 [FileTransfer-2] DEBUG n.cloud.aws.nio.S3FileSystemProvider - S3 download file from=s3://1000genomes/1000G_2504_high_coverage/working/20201028_3202_raw_GT_with_annot/20201028_CCDG_14151_B01_GRM_WGS_2020-08-05_chr4.recalibrated_variants.vcf.gz.tbi to=/opt/work/work/stage-8dbc63ca-1377-4ac9-bbe9-1f40466ffc83/c6/63df136fab4f85ab8e6bcafd2eb00b/20201028_CCDG_14151_B01_GRM_WGS_2020-08-05_chr4.recalibrated_variants.vcf.gz.tbi size=205803
Nov-14 15:41:45.258 [FileTransfer-8] DEBUG nextflow.file.FilePorter - Copying foreign file s3://1000genomes/1000G_2504_high_coverage/working/20201028_3202_raw_GT_with_annot/20201028_CCDG_14151_B01_GRM_WGS_2020-08-05_chr3.recalibrated_variants.vcf.gz to work dir: /opt/work/work/stage-8dbc63ca-1377-4ac9-bbe9-1f40466ffc83/68/6b08cd4e94972c64db70bd350d4324/20201028_CCDG_14151_B01_GRM_WGS_2020-08-05_chr3.recalibrated_variants.vcf.gz
Nov-14 15:41:45.323 [FileTransfer-8] DEBUG n.cloud.aws.nio.S3FileSystemProvider - S3 download file from=s3://1000genomes/1000G_2504_high_coverage/working/20201028_3202_raw_GT_with_annot/20201028_CCDG_14151_B01_GRM_WGS_2020-08-05_chr3.recalibrated_variants.vcf.gz to=/opt/work/work/stage-8dbc63ca-1377-4ac9-bbe9-1f40466ffc83/68/6b08cd4e94972c64db70bd350d4324/20201028_CCDG_14151_B01_GRM_WGS_2020-08-05_chr3.recalibrated_variants.vcf.gz size=115578736305
Nov-14 15:41:45.646 [Actor Thread 10] INFO  nextflow.file.FilePorter - Staging foreign file: s3://1000genomes/1000G_2504_high_coverage/working/20201028_3202_raw_GT_with_annot/20201028_CCDG_14151_B01_GRM_WGS_2020-08-05_chr4.recalibrated_variants.vcf.gz
Nov-14 15:41:45.646 [Actor Thread 8] INFO  nextflow.file.FilePorter - Staging foreign file: s3://1000genomes/1000G_2504_high_coverage/working/20201028_3202_raw_GT_with_annot/20201028_CCDG_14151_B01_GRM_WGS_2020-08-05_chr6.recalibrated_variants.vcf.gz
Nov-14 15:41:45.646 [Actor Thread 6] INFO  nextflow.file.FilePorter - Staging foreign file: s3://1000genomes/1000G_2504_high_coverage/working/20201028_3202_raw_GT_with_annot/20201028_CCDG_14151_B01_GRM_WGS_2020-08-05_chr5.recalibrated_variants.vcf.gz
Nov-14 15:41:45.646 [Actor Thread 11] INFO  nextflow.file.FilePorter - Staging foreign file: s3://1000genomes/1000G_2504_high_coverage/working/20201028_3202_raw_GT_with_annot/20201028_CCDG_14151_B01_GRM_WGS_2020-08-05_chr2.recalibrated_variants.vcf.gz
Nov-14 15:41:45.648 [Task monitor] DEBUG n.processor.TaskPollingMonitor - Task completed > TaskHandler[id: 3; name: ancestry_pipeline:download_genetic_map; status: COMPLETED; exit: 0; error: -; workDir: /opt/work/work/5a/8802626b664364db1f8a18c4717bab]
Nov-14 15:41:45.656 [Actor Thread 13] INFO  nextflow.file.FilePorter - Staging foreign file: s3://1000genomes/1000G_2504_high_coverage/working/20201028_3202_raw_GT_with_annot/20201028_CCDG_14151_B01_GRM_WGS_2020-08-05_chr1.recalibrated_variants.vcf.gz
Nov-14 15:41:45.663 [Actor Thread 4] INFO  nextflow.file.FilePorter - Staging foreign file: s3://1000genomes/1000G_2504_high_coverage/working/20201028_3202_raw_GT_with_annot/20201028_CCDG_14151_B01_GRM_WGS_2020-08-05_chr8.recalibrated_variants.vcf.gz
Nov-14 15:41:45.664 [Actor Thread 3] INFO  nextflow.file.FilePorter - Staging foreign file: s3://1000genomes/1000G_2504_high_coverage/working/20201028_3202_raw_GT_with_annot/20201028_CCDG_14151_B01_GRM_WGS_2020-08-05_chr7.recalibrated_variants.vcf.gz
Nov-14 15:41:45.664 [Actor Thread 9] INFO  nextflow.file.FilePorter - Staging foreign file: s3://1000genomes/1000G_2504_high_coverage/working/20201028_3202_raw_GT_with_annot/20201028_CCDG_14151_B01_GRM_WGS_2020-08-05_chr9.recalibrated_variants.vcf.gz
Nov-14 15:41:45.666 [Actor Thread 2] INFO  nextflow.script.BaseScript - map_file_ch = /opt/work/work/5a/8802626b664364db1f8a18c4717bab/genetic_map_chr.txt.gz
Nov-14 15:41:45.669 [Actor Thread 1] INFO  nextflow.file.FilePorter - Staging foreign file: s3://1000genomes/1000G_2504_high_coverage/working/20201028_3202_raw_GT_with_annot/20201028_CCDG_14151_B01_GRM_WGS_2020-08-05_chr10.recalibrated_variants.vcf.gz
Nov-14 15:41:45.670 [Actor Thread 15] INFO  nextflow.file.FilePorter - Staging foreign file: s3://1000genomes/1000G_2504_high_coverage/working/20201028_3202_raw_GT_with_annot/20201028_CCDG_14151_B01_GRM_WGS_2020-08-05_chr11.recalibrated_variants.vcf.gz
Nov-14 15:41:45.674 [Actor Thread 16] INFO  nextflow.file.FilePorter - Staging foreign file: s3://1000genomes/1000G_2504_high_coverage/working/20201028_3202_raw_GT_with_annot/20201028_CCDG_14151_B01_GRM_WGS_2020-08-05_chr12.recalibrated_variants.vcf.gz
Nov-14 15:41:45.676 [Actor Thread 5] INFO  nextflow.file.FilePorter - Staging foreign file: s3://1000genomes/1000G_2504_high_coverage/working/20201028_3202_raw_GT_with_annot/20201028_CCDG_14151_B01_GRM_WGS_2020-08-05_chr3.recalibrated_variants.vcf.gz
Nov-14 15:41:46.539 [FileTransfer-6] DEBUG nextflow.file.FilePorter - Copying foreign file s3://1000genomes/1000G_2504_high_coverage/working/20201028_3202_raw_GT_with_annot/20201028_CCDG_14151_B01_GRM_WGS_2020-08-05_chr7.recalibrated_variants.vcf.gz to work dir: /opt/work/work/stage-8dbc63ca-1377-4ac9-bbe9-1f40466ffc83/d9/a37bb9f00eac69a9c54881811a0d42/20201028_CCDG_14151_B01_GRM_WGS_2020-08-05_chr7.recalibrated_variants.vcf.gz
Nov-14 15:41:46.562 [FileTransfer-10] DEBUG nextflow.file.FilePorter - Copying foreign file s3://1000genomes/1000G_2504_high_coverage/working/20201028_3202_raw_GT_with_annot/20201028_CCDG_14151_B01_GRM_WGS_2020-08-05_chr7.recalibrated_variants.vcf.gz.tbi to work dir: /opt/work/work/stage-8dbc63ca-1377-4ac9-bbe9-1f40466ffc83/9f/23d67225da6db7b4da83dc3d5f9044/20201028_CCDG_14151_B01_GRM_WGS_2020-08-05_chr7.recalibrated_variants.vcf.gz.tbi
Nov-14 15:41:46.596 [FileTransfer-6] DEBUG n.cloud.aws.nio.S3FileSystemProvider - S3 download file from=s3://1000genomes/1000G_2504_high_coverage/working/20201028_3202_raw_GT_with_annot/20201028_CCDG_14151_B01_GRM_WGS_2020-08-05_chr7.recalibrated_variants.vcf.gz to=/opt/work/work/stage-8dbc63ca-1377-4ac9-bbe9-1f40466ffc83/d9/a37bb9f00eac69a9c54881811a0d42/20201028_CCDG_14151_B01_GRM_WGS_2020-08-05_chr7.recalibrated_variants.vcf.gz size=97513589335
Nov-14 15:41:46.609 [FileTransfer-10] DEBUG n.cloud.aws.nio.S3FileSystemProvider - S3 download file from=s3://1000genomes/1000G_2504_high_coverage/working/20201028_3202_raw_GT_with_annot/20201028_CCDG_14151_B01_GRM_WGS_2020-08-05_chr7.recalibrated_variants.vcf.gz.tbi to=/opt/work/work/stage-8dbc63ca-1377-4ac9-bbe9-1f40466ffc83/9f/23d67225da6db7b4da83dc3d5f9044/20201028_CCDG_14151_B01_GRM_WGS_2020-08-05_chr7.recalibrated_variants.vcf.gz.tbi size=173003
Nov-14 15:41:47.649 [Actor Thread 8] INFO  nextflow.file.FilePorter - Staging foreign file: s3://1000genomes/1000G_2504_high_coverage/working/20201028_3202_raw_GT_with_annot/20201028_CCDG_14151_B01_GRM_WGS_2020-08-05_chr6.recalibrated_variants.vcf.gz.tbi
Nov-14 15:41:47.649 [Actor Thread 10] INFO  nextflow.file.FilePorter - Staging foreign file: s3://1000genomes/1000G_2504_high_coverage/working/20201028_3202_raw_GT_with_annot/20201028_CCDG_14151_B01_GRM_WGS_2020-08-05_chr4.recalibrated_variants.vcf.gz.tbi
Nov-14 15:41:47.666 [Actor Thread 9] INFO  nextflow.file.FilePorter - Staging foreign file: s3://1000genomes/1000G_2504_high_coverage/working/20201028_3202_raw_GT_with_annot/20201028_CCDG_14151_B01_GRM_WGS_2020-08-05_chr9.recalibrated_variants.vcf.gz.tbi
Nov-14 15:41:47.666 [Actor Thread 3] INFO  nextflow.file.FilePorter - Staging foreign file: s3://1000genomes/1000G_2504_high_coverage/working/20201028_3202_raw_GT_with_annot/20201028_CCDG_14151_B01_GRM_WGS_2020-08-05_chr7.recalibrated_variants.vcf.gz.tbi
Nov-14 15:41:47.666 [Actor Thread 4] INFO  nextflow.file.FilePorter - Staging foreign file: s3://1000genomes/1000G_2504_high_coverage/working/20201028_3202_raw_GT_with_annot/20201028_CCDG_14151_B01_GRM_WGS_2020-08-05_chr8.recalibrated_variants.vcf.gz.tbi
Nov-14 15:41:47.671 [Actor Thread 1] INFO  nextflow.file.FilePorter - Staging foreign file: s3://1000genomes/1000G_2504_high_coverage/working/20201028_3202_raw_GT_with_annot/20201028_CCDG_14151_B01_GRM_WGS_2020-08-05_chr10.recalibrated_variants.vcf.gz.tbi
Nov-14 15:41:47.672 [Actor Thread 15] INFO  nextflow.file.FilePorter - Staging foreign file: s3://1000genomes/1000G_2504_high_coverage/working/20201028_3202_raw_GT_with_annot/20201028_CCDG_14151_B01_GRM_WGS_2020-08-05_chr11.recalibrated_variants.vcf.gz.tbi
Nov-14 15:41:47.677 [Actor Thread 5] INFO  nextflow.file.FilePorter - Staging foreign file: s3://1000genomes/1000G_2504_high_coverage/working/20201028_3202_raw_GT_with_annot/20201028_CCDG_14151_B01_GRM_WGS_2020-08-05_chr3.recalibrated_variants.vcf.gz.tbi
Nov-14 15:41:47.677 [Actor Thread 16] INFO  nextflow.file.FilePorter - Staging foreign file: s3://1000genomes/1000G_2504_high_coverage/working/20201028_3202_raw_GT_with_annot/20201028_CCDG_14151_B01_GRM_WGS_2020-08-05_chr12.recalibrated_variants.vcf.gz.tbi
Nov-14 15:41:48.382 [FileTransfer-2] DEBUG nextflow.file.FilePorter - Copying foreign file s3://1000genomes/1000G_2504_high_coverage/working/20201028_3202_raw_GT_with_annot/20201028_CCDG_14151_B01_GRM_WGS_2020-08-05_chr8.recalibrated_variants.vcf.gz to work dir: /opt/work/work/stage-8dbc63ca-1377-4ac9-bbe9-1f40466ffc83/ec/9af0ad2abe747244db9f21329fbc2e/20201028_CCDG_14151_B01_GRM_WGS_2020-08-05_chr8.recalibrated_variants.vcf.gz
Nov-14 15:41:48.437 [FileTransfer-2] DEBUG n.cloud.aws.nio.S3FileSystemProvider - S3 download file from=s3://1000genomes/1000G_2504_high_coverage/working/20201028_3202_raw_GT_with_annot/20201028_CCDG_14151_B01_GRM_WGS_2020-08-05_chr8.recalibrated_variants.vcf.gz to=/opt/work/work/stage-8dbc63ca-1377-4ac9-bbe9-1f40466ffc83/ec/9af0ad2abe747244db9f21329fbc2e/20201028_CCDG_14151_B01_GRM_WGS_2020-08-05_chr8.recalibrated_variants.vcf.gz size=89381178017
Nov-14 15:41:48.485 [FileTransfer-4] DEBUG nextflow.file.FilePorter - Copying foreign file s3://1000genomes/1000G_2504_high_coverage/working/20201028_3202_raw_GT_with_annot/20201028_CCDG_14151_B01_GRM_WGS_2020-08-05_chr8.recalibrated_variants.vcf.gz.tbi to work dir: /opt/work/work/stage-8dbc63ca-1377-4ac9-bbe9-1f40466ffc83/b1/b1efb5b757e74cb03b95eda96dea8a/20201028_CCDG_14151_B01_GRM_WGS_2020-08-05_chr8.recalibrated_variants.vcf.gz.tbi
Nov-14 15:41:48.536 [FileTransfer-4] DEBUG n.cloud.aws.nio.S3FileSystemProvider - S3 download file from=s3://1000genomes/1000G_2504_high_coverage/working/20201028_3202_raw_GT_with_annot/20201028_CCDG_14151_B01_GRM_WGS_2020-08-05_chr8.recalibrated_variants.vcf.gz.tbi to=/opt/work/work/stage-8dbc63ca-1377-4ac9-bbe9-1f40466ffc83/b1/b1efb5b757e74cb03b95eda96dea8a/20201028_CCDG_14151_B01_GRM_WGS_2020-08-05_chr8.recalibrated_variants.vcf.gz.tbi size=157587
Nov-14 15:41:48.995 [FileTransfer-10] DEBUG nextflow.file.FilePorter - Copying foreign file s3://1000genomes/1000G_2504_high_coverage/working/20201028_3202_raw_GT_with_annot/20201028_CCDG_14151_B01_GRM_WGS_2020-08-05_chr9.recalibrated_variants.vcf.gz to work dir: /opt/work/work/stage-8dbc63ca-1377-4ac9-bbe9-1f40466ffc83/ea/a54b2e358c6dc88c0c930d610de960/20201028_CCDG_14151_B01_GRM_WGS_2020-08-05_chr9.recalibrated_variants.vcf.gz
Nov-14 15:41:49.037 [FileTransfer-10] DEBUG n.cloud.aws.nio.S3FileSystemProvider - S3 download file from=s3://1000genomes/1000G_2504_high_coverage/working/20201028_3202_raw_GT_with_annot/20201028_CCDG_14151_B01_GRM_WGS_2020-08-05_chr9.recalibrated_variants.vcf.gz to=/opt/work/work/stage-8dbc63ca-1377-4ac9-bbe9-1f40466ffc83/ea/a54b2e358c6dc88c0c930d610de960/20201028_CCDG_14151_B01_GRM_WGS_2020-08-05_chr9.recalibrated_variants.vcf.gz size=75889212857
Nov-14 15:41:49.130 [FileTransfer-4] DEBUG nextflow.file.FilePorter - Copying foreign file s3://1000genomes/1000G_2504_high_coverage/working/20201028_3202_raw_GT_with_annot/20201028_CCDG_14151_B01_GRM_WGS_2020-08-05_chr9.recalibrated_variants.vcf.gz.tbi to work dir: /opt/work/work/stage-8dbc63ca-1377-4ac9-bbe9-1f40466ffc83/c9/552e6020087299a184124089ad255e/20201028_CCDG_14151_B01_GRM_WGS_2020-08-05_chr9.recalibrated_variants.vcf.gz.tbi
Nov-14 15:41:49.198 [FileTransfer-4] DEBUG n.cloud.aws.nio.S3FileSystemProvider - S3 download file from=s3://1000genomes/1000G_2504_high_coverage/working/20201028_3202_raw_GT_with_annot/20201028_CCDG_14151_B01_GRM_WGS_2020-08-05_chr9.recalibrated_variants.vcf.gz.tbi to=/opt/work/work/stage-8dbc63ca-1377-4ac9-bbe9-1f40466ffc83/c9/552e6020087299a184124089ad255e/20201028_CCDG_14151_B01_GRM_WGS_2020-08-05_chr9.recalibrated_variants.vcf.gz.tbi size=133604
Nov-14 15:42:00.888 [SIGINT handler] DEBUG nextflow.Session - Session aborted -- Cause: SIGINT
Nov-14 15:42:00.906 [Task monitor] DEBUG n.processor.TaskPollingMonitor - <<< barrier arrives (monitor: local) - terminating tasks monitor poll loop
Nov-14 15:42:00.958 [SIGINT handler] DEBUG nextflow.Session - The following nodes are still active:
[process] ancestry_pipeline:phase_with_eagle
  status=ACTIVE
  port 0: (queue) OPEN  ; channel: -
  port 1: (cntrl) -     ; channel: $

[process] ancestry_pipeline:run_rfmix
  status=ACTIVE
  port 0: (queue) OPEN  ; channel: -
  port 1: (cntrl) -     ; channel: $

Nov-14 15:42:00.984 [SIGINT handler] DEBUG n.trace.WorkflowStatsObserver - Workflow completed > WorkflowStats[succeededCount=3; failedCount=0; ignoredCount=0; cachedCount=0; pendingCount=0; submittedCount=0; runningCount=0; retriesCount=0; abortedCount=0; succeedDuration=12.2s; failedDuration=0ms; cachedDuration=0ms;loadCpus=0; loadMemory=0; peakRunning=3; peakCpus=3; peakMemory=0; ]
Nov-14 15:42:01.068 [main] DEBUG nextflow.Session - Session await > all processes finished
Nov-14 15:42:01.069 [main] DEBUG nextflow.Session - Session await > all barriers passed
Nov-14 15:42:01.087 [main] DEBUG n.trace.WorkflowStatsObserver - Workflow completed > WorkflowStats[succeededCount=3; failedCount=0; ignoredCount=0; cachedCount=0; pendingCount=0; submittedCount=0; runningCount=0; retriesCount=0; abortedCount=0; succeedDuration=12.2s; failedDuration=0ms; cachedDuration=0ms;loadCpus=0; loadMemory=0; peakRunning=3; peakCpus=3; peakMemory=0; ]
Nov-14 15:42:01.089 [Actor Thread 7] DEBUG nextflow.processor.TaskProcessor - Handling unexpected condition for
  task: name=ancestry_pipeline:phase_with_eagle; work-dir=null
  error [java.lang.IllegalStateException]: Cannot obtain the semaphore to fork operator's body.
Nov-14 15:42:01.097 [main] DEBUG nextflow.cache.CacheDB - Closing CacheDB done
Nov-14 15:42:01.151 [main] INFO  org.pf4j.AbstractPluginManager - Stop plugin 'nf-amazon@3.4.1'
Nov-14 15:42:01.151 [main] DEBUG nextflow.plugin.BasePlugin - Plugin stopped nf-amazon
Nov-14 15:42:01.155 [main] DEBUG nextflow.script.ScriptRunner - > Execution complete -- Goodbye
Nov-14 15:42:01.158 [FileTransfer-10] DEBUG nextflow.file.FilePorter - Stage foreign file exception: recoverable=false; type=java.io.InterruptedIOException; message=S3 download file: s3://1000genomes/1000G_2504_high_coverage/working/20201028_3202_raw_GT_with_annot/20201028_CCDG_14151_B01_GRM_WGS_2020-08-05_chr9.recalibrated_variants.vcf.gz cancelled
Nov-14 15:42:01.158 [FileTransfer-6] DEBUG nextflow.file.FilePorter - Stage foreign file exception: recoverable=false; type=java.io.InterruptedIOException; message=S3 download file: s3://1000genomes/1000G_2504_high_coverage/working/20201028_3202_raw_GT_with_annot/20201028_CCDG_14151_B01_GRM_WGS_2020-08-05_chr7.recalibrated_variants.vcf.gz cancelled
Nov-14 15:42:01.158 [FileTransfer-8] DEBUG nextflow.file.FilePorter - Stage foreign file exception: recoverable=false; type=java.io.InterruptedIOException; message=S3 download file: s3://1000genomes/1000G_2504_high_coverage/working/20201028_3202_raw_GT_with_annot/20201028_CCDG_14151_B01_GRM_WGS_2020-08-05_chr3.recalibrated_variants.vcf.gz cancelled
Nov-14 15:42:01.158 [FileTransfer-2] DEBUG nextflow.file.FilePorter - Stage foreign file exception: recoverable=false; type=java.io.InterruptedIOException; message=S3 download file: s3://1000genomes/1000G_2504_high_coverage/working/20201028_3202_raw_GT_with_annot/20201028_CCDG_14151_B01_GRM_WGS_2020-08-05_chr8.recalibrated_variants.vcf.gz cancelled
Nov-14 15:42:01.159 [FileTransfer-4] DEBUG nextflow.file.FilePorter - Stage foreign file exception: recoverable=false; type=java.io.InterruptedIOException; message=S3 download file: s3://1000genomes/1000G_2504_high_coverage/working/20201028_3202_raw_GT_with_annot/20201028_CCDG_14151_B01_GRM_WGS_2020-08-05_chr9.recalibrated_variants.vcf.gz.tbi cancelled
Nov-14 15:42:01.183 [FileTransfer-2] DEBUG nextflow.plugin.PluginsFacade - Using Default plugin manager
Nov-14 15:42:01.183 [FileTransfer-4] DEBUG nextflow.plugin.PluginsFacade - Using Default plugin manager
Nov-14 15:42:01.183 [FileTransfer-10] DEBUG nextflow.plugin.PluginsFacade - Using Default plugin manager
Nov-14 15:42:01.186 [FileTransfer-9] DEBUG nextflow.file.FilePorter - Stage foreign file exception: recoverable=false; type=java.io.InterruptedIOException; message=S3 download file: s3://1000genomes/1000G_2504_high_coverage/working/20201028_3202_raw_GT_with_annot/20201028_CCDG_14151_B01_GRM_WGS_2020-08-05_chr1.recalibrated_variants.vcf.gz cancelled
Nov-14 15:42:01.186 [FileTransfer-3] DEBUG nextflow.file.FilePorter - Stage foreign file exception: recoverable=false; type=java.io.InterruptedIOException; message=S3 download file: s3://1000genomes/1000G_2504_high_coverage/working/20201028_3202_raw_GT_with_annot/20201028_CCDG_14151_B01_GRM_WGS_2020-08-05_chr6.recalibrated_variants.vcf.gz cancelled
Nov-14 15:42:01.186 [FileTransfer-7] DEBUG nextflow.file.FilePorter - Stage foreign file exception: recoverable=false; type=java.io.InterruptedIOException; message=S3 download file: s3://1000genomes/1000G_2504_high_coverage/working/20201028_3202_raw_GT_with_annot/20201028_CCDG_14151_B01_GRM_WGS_2020-08-05_chr5.recalibrated_variants.vcf.gz cancelled
Nov-14 15:42:01.183 [FileTransfer-6] DEBUG nextflow.plugin.PluginsFacade - Using Default plugin manager
Nov-14 15:42:01.183 [FileTransfer-8] DEBUG nextflow.plugin.PluginsFacade - Using Default plugin manager
Nov-14 15:42:01.186 [FileTransfer-5] DEBUG nextflow.file.FilePorter - Stage foreign file exception: recoverable=false; type=java.io.InterruptedIOException; message=S3 download file: s3://1000genomes/1000G_2504_high_coverage/working/20201028_3202_raw_GT_with_annot/20201028_CCDG_14151_B01_GRM_WGS_2020-08-05_chr2.recalibrated_variants.vcf.gz cancelled
Nov-14 15:42:01.186 [FileTransfer-1] DEBUG nextflow.file.FilePorter - Stage foreign file exception: recoverable=false; type=java.io.InterruptedIOException; message=S3 download file: s3://1000genomes/1000G_2504_high_coverage/working/20201028_3202_raw_GT_with_annot/20201028_CCDG_14151_B01_GRM_WGS_2020-08-05_chr4.recalibrated_variants.vcf.gz cancelled
Nov-14 15:42:01.190 [FileTransfer-3] DEBUG nextflow.plugin.PluginsFacade - Using Default plugin manager
Nov-14 15:42:01.193 [FileTransfer-5] DEBUG nextflow.plugin.PluginsFacade - Using Default plugin manager
Nov-14 15:42:01.193 [FileTransfer-1] DEBUG nextflow.plugin.PluginsFacade - Using Default plugin manager
Nov-14 15:42:01.190 [FileTransfer-7] DEBUG nextflow.plugin.PluginsFacade - Using Default plugin manager
Nov-14 15:42:01.190 [FileTransfer-9] DEBUG nextflow.plugin.PluginsFacade - Using Default plugin manager
Nov-14 15:42:01.205 [FileTransfer-2] INFO  o.pf4j.DefaultPluginStatusProvider - Enabled plugins: []
Nov-14 15:42:01.206 [FileTransfer-2] INFO  o.pf4j.DefaultPluginStatusProvider - Disabled plugins: []
Nov-14 15:42:01.208 [FileTransfer-2] INFO  org.pf4j.DefaultPluginManager - PF4J version 3.12.0 in 'deployment' mode
